27 ensaios, ~285 min
[1/27] r1-u50-off 2026-10-03T18:37:50
[2/27] r1-u50-frio 2026-10-03T18:43:12
[3/27] r1-u50-aquecido 2026-10-03T18:48:33
[4/27] r1-u1000-off 2026-10-03T18:53:54
[5/27] r1-u1000-frio 2026-10-03T19:09:45
[6/27] r1-u1000-aquecido 2026-10-03T19:25:37
[7/27] r1-u250-off 2026-10-03T19:41:26
[8/27] r1-u250-frio 2026-10-03T19:52:00
[9/27] r1-u250-aquecido 2026-10-03T20:02:37
[10/27] r2-u50-off 2026-10-03T20:13:12
[11/27] r2-u50-frio 2026-10-03T20:18:33
[12/27] r2-u50-aquecido 2026-10-03T20:23:51
[13/27] r2-u1000-off 2026-10-03T20:29:09
[14/27] r2-u1000-frio 2026-10-03T20:45:06
[15/27] r2-u1000-aquecido 2026-10-03T21:01:01
[16/27] r2-u250-off 2026-10-03T21:16:58
[17/27] r2-u250-frio 2026-10-03T21:27:37
[18/27] r2-u250-aquecido 2026-10-03T21:38:16
[19/27] r3-u50-off 2026-10-03T21:48:56
[20/27] r3-u50-frio 2026-10-03T21:54:24
[21/27] r3-u50-aquecido 2026-10-03T21:59:53
[22/27] r3-u1000-off 2026-10-03T22:05:21
[23/27] r3-u1000-frio 2026-10-03T22:21:21
  AVISO: o Locust saturou a CPU em r3-u1000-frio — ensaio invalido
[24/27] r3-u1000-aquecido 2026-10-03T22:37:20
[25/27] r3-u250-off 2026-10-03T22:55:51
[26/27] r3-u250-frio 2026-10-03T23:06:28
[27/27] r3-u250-aquecido 2026-10-03T23:17:01
fim: 2026-10-03T23:27:41 codigo=
