[2026-10-03 18:43:22,575] Suporte/INFO/locust.main: Starting Locust 2.46.5
[2026-10-03 18:43:22,579] Suporte/INFO/locust.main: Run time limit set to 310 seconds
[2026-10-03 18:43:22,581] Suporte/INFO/locust.runners: Ramping to 50 users at a rate of 5.00 per second
[2026-10-03 18:43:31,685] Suporte/INFO/locust.runners: All users spawned: {"JornadaUser": 50} (50 total users)
[2026-10-03 18:43:31,685] Suporte/INFO/locust.runners: Resetting stats

[2026-10-03 18:48:32,583] Suporte/INFO/locust.main: --run-time limit reached, shutting down
[2026-10-03 18:48:32,967] Suporte/INFO/locust.main: Shutting down (exit code 0)
Type     Name                                                                          # reqs      # fails |    Avg     Min     Max    Med |   req/s  failures/s
--------|----------------------------------------------------------------------------|-------|-------------|-------|-------|-------|-------|--------|-----------
GET      GET /home (busca)                                                               1024     0(0.00%) |      9       2     101      6 |    3.40        0.00
GET      GET /home (conscious_buyer)                                                     1031     0(0.00%) |      7       2      83      5 |    3.43        0.00
GET      GET /home (default, com selo)                                                    865     0(0.00%) |      6       2      50      5 |    2.87        0.00
GET      GET /home (default, sem selo)                                                   1708     0(0.00%) |      6       2      96      5 |    5.68        0.00
GET      GET /home (electronics_expert)                                                   965     0(0.00%) |      6       2      63      5 |    3.21        0.00
GET      GET /products/{id}                                                              1125     0(0.00%) |      9       3      76      8 |    3.74        0.00
POST     POST /checkout/simulate                                                          752     0(0.00%) |     22       9     136     19 |    2.50        0.00
GET      [setup] home                                                                       5     0(0.00%) |    107      66     147    110 |    0.02        0.00
--------|----------------------------------------------------------------------------|-------|-------------|-------|-------|-------|-------|--------|-----------
         Aggregated                                                                      7475     0(0.00%) |      9       2     147      6 |   24.84        0.00

Response time percentiles (approximated)
Type     Name                                                                                  50%    66%    75%    80%    90%    95%    98%    99%  99.9% 99.99%   100% # reqs
--------|--------------------------------------------------------------------------------|--------|------|------|------|------|------|------|------|------|------|------|------
GET      GET /home (busca)                                                                       6     10     12     13     18     26     37     52     71    100    100   1024
GET      GET /home (conscious_buyer)                                                             5      7      9     11     13     17     27     30     56     84     84   1031
GET      GET /home (default, com selo)                                                           5      6      8      9     12     15     19     22     51     51     51    865
GET      GET /home (default, sem selo)                                                           5      6      8      9     12     16     19     23     83     97     97   1708
GET      GET /home (electronics_expert)                                                          5      7      8     10     13     16     21     31     63     63     63    965
GET      GET /products/{id}                                                                      8      9     11     13     19     21     28     34     53     77     77   1125
POST     POST /checkout/simulate                                                                19     23     27     28     37     48     57     71    140    140    140    752
GET      [setup] home                                                                          110    110    110    150    150    150    150    150    150    150    150      5
--------|--------------------------------------------------------------------------------|--------|------|------|------|------|------|------|------|------|------|------|------
         Aggregated                                                                              6      9     12     13     19     25     35     48    100    150    150   7475

