[2026-10-03 19:52:11,821] Suporte/INFO/locust.main: Starting Locust 2.46.5
[2026-10-03 19:52:11,871] Suporte/INFO/locust.main: Run time limit set to 625 seconds
[2026-10-03 19:52:11,877] Suporte/INFO/locust.runners: Ramping to 250 users at a rate of 10.00 per second
[2026-10-03 19:52:35,984] Suporte/INFO/locust.runners: All users spawned: {"JornadaUser": 250} (250 total users)
[2026-10-03 19:52:35,985] Suporte/INFO/locust.runners: Resetting stats

[2026-10-03 20:02:36,861] Suporte/INFO/locust.main: --run-time limit reached, shutting down
[2026-10-03 20:02:37,283] Suporte/INFO/locust.main: Shutting down (exit code 0)
Type     Name                                                                          # reqs      # fails |    Avg     Min     Max    Med |   req/s  failures/s
--------|----------------------------------------------------------------------------|-------|-------------|-------|-------|-------|-------|--------|-----------
GET      GET /home (busca)                                                               9917     0(0.00%) |     15       2    1024      5 |   16.49        0.00
GET      GET /home (conscious_buyer)                                                     9759     0(0.00%) |     11       2    1009      5 |   16.23        0.00
GET      GET /home (default, com selo)                                                   8020     0(0.00%) |     10       2     380      5 |   13.34        0.00
GET      GET /home (default, sem selo)                                                  17408     0(0.00%) |     10       2     606      5 |   28.95        0.00
GET      GET /home (electronics_expert)                                                  9706     0(0.00%) |     11       2     972      5 |   16.14        0.00
GET      GET /products/{id}                                                             11628     0(0.00%) |     17       3     882      7 |   19.34        0.00
POST     POST /checkout/simulate                                                         7876     0(0.00%) |     29       8     947     17 |   13.10        0.00
GET      [setup] home                                                                      10     0(0.00%) |    325     250     432    320 |    0.02        0.00
--------|----------------------------------------------------------------------------|-------|-------------|-------|-------|-------|-------|--------|-----------
         Aggregated                                                                     74324     0(0.00%) |     14       2    1024      6 |  123.62        0.00

Response time percentiles (approximated)
Type     Name                                                                                  50%    66%    75%    80%    90%    95%    98%    99%  99.9% 99.99%   100% # reqs
--------|--------------------------------------------------------------------------------|--------|------|------|------|------|------|------|------|------|------|------|------
GET      GET /home (busca)                                                                       5      7     10     12     22     36     92    230    820   1000   1000   9917
GET      GET /home (conscious_buyer)                                                             5      7      9     10     17     27     61    170    650   1000   1000   9759
GET      GET /home (default, com selo)                                                           5      7      9     10     17     28     48    110    310    380    380   8020
GET      GET /home (default, sem selo)                                                           5      7      9     10     17     27     47    100    300    590    610  17408
GET      GET /home (electronics_expert)                                                          5      7      9     10     18     28     55    140    680    970    970   9706
GET      GET /products/{id}                                                                      8     10     12     14     24     39    120    290    650    870    880  11628
POST     POST /checkout/simulate                                                                17     20     24     26     40     64    170    380    850    950    950   7876
GET      [setup] home                                                                          320    350    360    400    430    430    430    430    430    430    430     10
--------|--------------------------------------------------------------------------------|--------|------|------|------|------|------|------|------|------|------|------|------
         Aggregated                                                                              6      9     12     14     23     35     75    190    670    900   1000  74324

