[2026-10-03 18:54:01,271] Suporte/INFO/locust.main: Starting Locust 2.46.5
[2026-10-03 18:54:01,277] Suporte/INFO/locust.main: Run time limit set to 940 seconds
[2026-10-03 18:54:01,278] Suporte/INFO/locust.runners: Ramping to 1000 users at a rate of 25.00 per second
[2026-10-03 18:54:40,403] Suporte/INFO/locust.runners: All users spawned: {"JornadaUser": 1000} (1000 total users)
[2026-10-03 18:54:40,404] Suporte/INFO/locust.runners: Resetting stats

[2026-10-03 19:09:41,354] Suporte/INFO/locust.main: --run-time limit reached, shutting down
[2026-10-03 19:09:43,844] Suporte/INFO/locust.main: Shutting down (exit code 1)
Type     Name                                                                          # reqs      # fails |    Avg     Min     Max    Med |   req/s  failures/s
--------|----------------------------------------------------------------------------|-------|-------------|-------|-------|-------|-------|--------|-----------
GET      GET /home (busca)                                                              16533    85(0.51%) |   5240      29   32369   4500 |   18.30        0.09
GET      GET /home (conscious_buyer)                                                    16455    72(0.44%) |   5124      53   31713   4500 |   18.22        0.08
GET      GET /home (default, com selo)                                                  14708    62(0.42%) |   5260      53   32024   4500 |   16.28        0.07
GET      GET /home (default, sem selo)                                                  28374   137(0.48%) |   5187      11   32381   4500 |   31.41        0.15
GET      GET /home (electronics_expert)                                                 16493    80(0.49%) |   5155      36   32726   4500 |   18.26        0.09
GET      GET /products/{id}                                                             19511   115(0.59%) |   5206      34   31599   4500 |   21.60        0.13
POST     POST /checkout/simulate                                                        13011    66(0.51%) |   5268      56   31466   4500 |   14.40        0.07
GET      [setup] home                                                                     164    10(6.10%) |  11520     201   31088   9600 |    0.18        0.01
--------|----------------------------------------------------------------------------|-------|-------------|-------|-------|-------|-------|--------|-----------
         Aggregated                                                                    125249   627(0.50%) |   5210      11   32726   4500 |  138.66        0.69

Response time percentiles (approximated)
Type     Name                                                                                  50%    66%    75%    80%    90%    95%    98%    99%  99.9% 99.99%   100% # reqs
--------|--------------------------------------------------------------------------------|--------|------|------|------|------|------|------|------|------|------|------|------
GET      GET /home (busca)                                                                    4500   5500   7900   8900  13000  16000  21000  26000  30000  32000  32000  16533
GET      GET /home (conscious_buyer)                                                          4500   5500   7700   8800  12000  16000  21000  25000  30000  31000  32000  16455
GET      GET /home (default, com selo)                                                        4500   5600   7900   8900  13000  16000  21000  26000  30000  32000  32000  14708
GET      GET /home (default, sem selo)                                                        4500   5500   7700   8800  13000  16000  21000  26000  30000  32000  32000  28374
GET      GET /home (electronics_expert)                                                       4500   5500   7600   8800  13000  16000  21000  26000  30000  33000  33000  16493
GET      GET /products/{id}                                                                   4500   5500   7700   8800  13000  16000  21000  26000  30000  31000  32000  19511
POST     POST /checkout/simulate                                                              4500   5500   8000   9000  13000  16000  21000  26000  30000  31000  31000  13011
GET      [setup] home                                                                         9700  13000  15000  17000  25000  30000  31000  31000  31000  31000  31000    164
--------|--------------------------------------------------------------------------------|--------|------|------|------|------|------|------|------|------|------|------|------
         Aggregated                                                                           4500   5500   7800   8900  13000  16000  21000  26000  30000  32000  33000 125249

Error report
# occurrences      Error                                                                                               
------------------|---------------------------------------------------------------------------------------------------------------------------------------------
66                 POST POST /checkout/simulate: HTTPError('500 Server Error: Internal Server Error for url: POST /checkout/simulate')
72                 GET GET /home (conscious_buyer): HTTPError('500 Server Error: Internal Server Error for url: GET /home (conscious_buyer)')
131                GET GET /home (default, sem selo): HTTPError('500 Server Error: Internal Server Error for url: GET /home (default, sem selo)')
115                GET GET /products/{id}: HTTPError('500 Server Error: Internal Server Error for url: GET /products/{id}')
78                 GET GET /home (electronics_expert): HTTPError('500 Server Error: Internal Server Error for url: GET /home (electronics_expert)')
82                 GET GET /home (busca): HTTPError('500 Server Error: Internal Server Error for url: GET /home (busca)')
62                 GET GET /home (default, com selo): HTTPError('500 Server Error: Internal Server Error for url: GET /home (default, com selo)')
10                 GET [setup] home: HTTPError('500 Server Error: Internal Server Error for url: [setup] home')        
6                  GET GET /home (default, sem selo): ConnectionResetError(10054, 'Foi forçado o cancelamento de uma conexão existente pelo host remoto', None, 10054, None)
3                  GET GET /home (busca): ConnectionResetError(10054, 'Foi forçado o cancelamento de uma conexão existente pelo host remoto', None, 10054, None)
2                  GET GET /home (electronics_expert): ConnectionResetError(10054, 'Foi forçado o cancelamento de uma conexão existente pelo host remoto', None, 10054, None)
------------------|---------------------------------------------------------------------------------------------------------------------------------------------

