[2026-10-03 19:25:43,885] Suporte/INFO/locust.main: Starting Locust 2.46.5
[2026-10-03 19:25:43,931] Suporte/INFO/locust.main: Run time limit set to 940 seconds
[2026-10-03 19:25:43,937] Suporte/INFO/locust.runners: Ramping to 1000 users at a rate of 25.00 per second
[2026-10-03 19:26:23,206] Suporte/INFO/locust.runners: All users spawned: {"JornadaUser": 1000} (1000 total users)
[2026-10-03 19:26:23,207] Suporte/INFO/locust.runners: Resetting stats

[2026-10-03 19:41:23,933] Suporte/INFO/locust.main: --run-time limit reached, shutting down
[2026-10-03 19:41:25,159] Suporte/INFO/locust.main: Shutting down (exit code 1)
Type     Name                                                                          # reqs      # fails |    Avg     Min     Max    Med |   req/s  failures/s
--------|----------------------------------------------------------------------------|-------|-------------|-------|-------|-------|-------|--------|-----------
GET      GET /home (busca)                                                              45278    77(0.17%) |    121      27    9356     83 |   50.20        0.09
GET      GET /home (conscious_buyer)                                                    45170    91(0.20%) |    120      27    9389     83 |   50.08        0.10
GET      GET /home (default, com selo)                                                  40353    82(0.20%) |    121      27    9392     83 |   44.74        0.09
GET      GET /home (default, sem selo)                                                  76939   124(0.16%) |    119      26    9384     83 |   85.31        0.14
GET      GET /home (electronics_expert)                                                 45133    84(0.19%) |    120      24    9357     83 |   50.04        0.09
GET      GET /products/{id}                                                             54216    55(0.10%) |   1974      46   32348    760 |   60.11        0.06
POST     POST /checkout/simulate                                                        36280    50(0.14%) |   2071      43   31934    830 |   40.23        0.06
GET      [setup] home                                                                      25     0(0.00%) |    627     199    1063    640 |    0.03        0.00
--------|----------------------------------------------------------------------------|-------|-------------|-------|-------|-------|-------|--------|-----------
         Aggregated                                                                    343394   563(0.16%) |    619      24   32348     97 |  380.76        0.62

Response time percentiles (approximated)
Type     Name                                                                                  50%    66%    75%    80%    90%    95%    98%    99%  99.9% 99.99%   100% # reqs
--------|--------------------------------------------------------------------------------|--------|------|------|------|------|------|------|------|------|------|------|------
GET      GET /home (busca)                                                                      83     99    110    120    170    220    410    680   5800   6700   9400  45278
GET      GET /home (conscious_buyer)                                                            83     99    110    120    170    220    400    670   5800   6800   9400  45170
GET      GET /home (default, com selo)                                                          83     99    110    120    170    230    410    690   6000   6700   9400  40353
GET      GET /home (default, sem selo)                                                          83     99    110    120    170    220    390    650   5900   6800   9400  76939
GET      GET /home (electronics_expert)                                                         83     99    110    120    160    220    370    650   6200   6700   9400  45133
GET      GET /products/{id}                                                                    760   1700   2400   3100   5200   8000  13000  17000  30000  31000  32000  54216
POST     POST /checkout/simulate                                                               830   1800   2500   3200   5400   8200  13000  17000  30000  31000  32000  36280
GET      [setup] home                                                                          640    810    880    940   1000   1000   1100   1100   1100   1100   1100     25
--------|--------------------------------------------------------------------------------|--------|------|------|------|------|------|------|------|------|------|------|------
         Aggregated                                                                             97    130    160    200   1500   3400   6600   9000  23000  30000  32000 343394

Error report
# occurrences      Error                                                                                               
------------------|---------------------------------------------------------------------------------------------------------------------------------------------
79                 GET GET /home (conscious_buyer): HTTPError('500 Server Error: Internal Server Error for url: GET /home (conscious_buyer)')
75                 GET GET /home (default, com selo): HTTPError('500 Server Error: Internal Server Error for url: GET /home (default, com selo)')
115                GET GET /home (default, sem selo): HTTPError('500 Server Error: Internal Server Error for url: GET /home (default, sem selo)')
78                 GET GET /home (electronics_expert): HTTPError('500 Server Error: Internal Server Error for url: GET /home (electronics_expert)')
76                 GET GET /home (busca): HTTPError('500 Server Error: Internal Server Error for url: GET /home (busca)')
7                  GET GET /home (default, com selo): ConnectionResetError(10054, 'Foi forçado o cancelamento de uma conexão existente pelo host remoto', None, 10054, None)
1                  GET GET /home (busca): ConnectionResetError(10054, 'Foi forçado o cancelamento de uma conexão existente pelo host remoto', None, 10054, None)
4                  POST POST /checkout/simulate: ConnectionResetError(10054, 'Foi forçado o cancelamento de uma conexão existente pelo host remoto', None, 10054, None)
9                  GET GET /home (default, sem selo): ConnectionResetError(10054, 'Foi forçado o cancelamento de uma conexão existente pelo host remoto', None, 10054, None)
12                 GET GET /home (conscious_buyer): ConnectionResetError(10054, 'Foi forçado o cancelamento de uma conexão existente pelo host remoto', None, 10054, None)
6                  GET GET /home (electronics_expert): ConnectionResetError(10054, 'Foi forçado o cancelamento de uma conexão existente pelo host remoto', None, 10054, None)
2                  GET GET /products/{id}: ConnectionResetError(10054, 'Foi forçado o cancelamento de uma conexão existente pelo host remoto', None, 10054, None)
53                 GET GET /products/{id}: HTTPError('500 Server Error: Internal Server Error for url: GET /products/{id}')
46                 POST POST /checkout/simulate: HTTPError('500 Server Error: Internal Server Error for url: POST /checkout/simulate')
------------------|---------------------------------------------------------------------------------------------------------------------------------------------

