[2026-10-03 18:48:43,180] Suporte/INFO/locust.main: Starting Locust 2.46.5
[2026-10-03 18:48:43,289] Suporte/INFO/locust.main: Run time limit set to 310 seconds
[2026-10-03 18:48:43,294] Suporte/INFO/locust.runners: Ramping to 50 users at a rate of 5.00 per second
[2026-10-03 18:48:52,336] Suporte/INFO/locust.runners: All users spawned: {"JornadaUser": 50} (50 total users)
[2026-10-03 18:48:52,336] Suporte/INFO/locust.runners: Resetting stats

[2026-10-03 18:53:53,303] Suporte/INFO/locust.main: --run-time limit reached, shutting down
[2026-10-03 18:53:53,750] Suporte/INFO/locust.main: Shutting down (exit code 0)
Type     Name                                                                          # reqs      # fails |    Avg     Min     Max    Med |   req/s  failures/s
--------|----------------------------------------------------------------------------|-------|-------------|-------|-------|-------|-------|--------|-----------
GET      GET /home (busca)                                                               1005     0(0.00%) |      6       2     171      5 |    3.34        0.00
GET      GET /home (conscious_buyer)                                                      986     0(0.00%) |      6       2      24      5 |    3.28        0.00
GET      GET /home (default, com selo)                                                    866     0(0.00%) |      6       2     362      5 |    2.88        0.00
GET      GET /home (default, sem selo)                                                   1727     0(0.00%) |      6       2     140      5 |    5.74        0.00
GET      GET /home (electronics_expert)                                                  1021     0(0.00%) |      6       2     124      5 |    3.39        0.00
GET      GET /products/{id}                                                              1178     0(0.00%) |      8       3      29      7 |    3.92        0.00
POST     POST /checkout/simulate                                                          718     0(0.00%) |     20       9     213     17 |    2.39        0.00
GET      [setup] home                                                                       5     0(0.00%) |     12       7      17     13 |    0.02        0.00
--------|----------------------------------------------------------------------------|-------|-------------|-------|-------|-------|-------|--------|-----------
         Aggregated                                                                      7506     0(0.00%) |      8       2     362      6 |   24.95        0.00

Response time percentiles (approximated)
Type     Name                                                                                  50%    66%    75%    80%    90%    95%    98%    99%  99.9% 99.99%   100% # reqs
--------|--------------------------------------------------------------------------------|--------|------|------|------|------|------|------|------|------|------|------|------
GET      GET /home (busca)                                                                       5      6      7      8     12     13     17     20     44    170    170   1005
GET      GET /home (conscious_buyer)                                                             5      6      7      8     12     13     16     19     25     25     25    986
GET      GET /home (default, com selo)                                                           5      6      7      8     11     13     15     19    360    360    360    866
GET      GET /home (default, sem selo)                                                           5      6      7      8     11     13     16     19     81    140    140   1727
GET      GET /home (electronics_expert)                                                          5      6      7      8     12     14     16     19     77    120    120   1021
GET      GET /products/{id}                                                                      7      9     11     12     17     19     22     24     29     30     30   1178
POST     POST /checkout/simulate                                                                17     21     24     27     32     40     49     61    210    210    210    718
GET      [setup] home                                                                           13     15     15     18     18     18     18     18     18     18     18      5
--------|--------------------------------------------------------------------------------|--------|------|------|------|------|------|------|------|------|------|------|------
         Aggregated                                                                              6      7     10     11     15     20     27     34     81    360    360   7506

