[2026-10-03 19:09:55,310] Suporte/INFO/locust.main: Starting Locust 2.46.5
[2026-10-03 19:09:55,314] Suporte/INFO/locust.main: Run time limit set to 940 seconds
[2026-10-03 19:09:55,317] Suporte/INFO/locust.runners: Ramping to 1000 users at a rate of 25.00 per second
[2026-10-03 19:10:34,556] Suporte/INFO/locust.runners: All users spawned: {"JornadaUser": 1000} (1000 total users)
[2026-10-03 19:10:34,557] Suporte/INFO/locust.runners: Resetting stats

[2026-10-03 19:25:35,319] Suporte/INFO/locust.main: --run-time limit reached, shutting down
[2026-10-03 19:25:36,371] Suporte/INFO/locust.main: Shutting down (exit code 1)
Type     Name                                                                          # reqs      # fails |    Avg     Min     Max    Med |   req/s  failures/s
--------|----------------------------------------------------------------------------|-------|-------------|-------|-------|-------|-------|--------|-----------
GET      GET /home (busca)                                                              48980    15(0.03%) |    217      23   27445     78 |   54.32        0.02
GET      GET /home (conscious_buyer)                                                    48948     8(0.02%) |    111      28   24937     76 |   54.28        0.01
GET      GET /home (default, com selo)                                                  43484    11(0.03%) |     86      27    1771     76 |   48.22        0.01
GET      GET /home (default, sem selo)                                                  82914    17(0.02%) |     86      25    1771     76 |   91.95        0.02
GET      GET /home (electronics_expert)                                                 48530    15(0.03%) |    111      22   22099     76 |   53.82        0.02
GET      GET /products/{id}                                                             58533     1(0.00%) |   1278      41   30187    720 |   64.91        0.00
POST     POST /checkout/simulate                                                        39103     1(0.00%) |   1328      70   30115    780 |   43.36        0.00
GET      [setup] home                                                                     100     0(0.00%) |   7180     411   23160   6600 |    0.11        0.00
--------|----------------------------------------------------------------------------|-------|-------------|-------|-------|-------|-------|--------|-----------
         Aggregated                                                                    370592    68(0.02%) |    431      22   30187     86 |  410.97        0.08

Response time percentiles (approximated)
Type     Name                                                                                  50%    66%    75%    80%    90%    95%    98%    99%  99.9% 99.99%   100% # reqs
--------|--------------------------------------------------------------------------------|--------|------|------|------|------|------|------|------|------|------|------|------
GET      GET /home (busca)                                                                      78     91    100    110    160    220   2600   4800  12000  20000  27000  48980
GET      GET /home (conscious_buyer)                                                            76     87     96    100    130    170    220    280   7400  13000  25000  48948
GET      GET /home (default, com selo)                                                          76     86     95    100    130    170    210    250    530   1500   1800  43484
GET      GET /home (default, sem selo)                                                          76     86     95    100    130    170    210    250    520   1600   1800  82914
GET      GET /home (electronics_expert)                                                         76     87     96    100    130    170    220    300   6700  15000  22000  48530
GET      GET /products/{id}                                                                    720   1300   1800   2200   3300   4700   6700   8500  16000  24000  30000  58533
POST     POST /checkout/simulate                                                               780   1300   1800   2200   3400   4800   6700   8300  15000  21000  30000  39103
GET      [setup] home                                                                         6600   9400   9800  10000  13000  15000  22000  23000  23000  23000  23000    100
--------|--------------------------------------------------------------------------------|--------|------|------|------|------|------|------|------|------|------|------|------
         Aggregated                                                                             86    110    140    170   1200   2400   4100   5600  12000  20000  30000 370592

Error report
# occurrences      Error                                                                                               
------------------|---------------------------------------------------------------------------------------------------------------------------------------------
1                  POST POST /checkout/simulate: HTTPError('500 Server Error: Internal Server Error for url: POST /checkout/simulate')
15                 GET GET /home (busca): HTTPError('500 Server Error: Internal Server Error for url: GET /home (busca)')
8                  GET GET /home (conscious_buyer): HTTPError('500 Server Error: Internal Server Error for url: GET /home (conscious_buyer)')
17                 GET GET /home (default, sem selo): HTTPError('500 Server Error: Internal Server Error for url: GET /home (default, sem selo)')
11                 GET GET /home (default, com selo): HTTPError('500 Server Error: Internal Server Error for url: GET /home (default, com selo)')
15                 GET GET /home (electronics_expert): HTTPError('500 Server Error: Internal Server Error for url: GET /home (electronics_expert)')
1                  GET GET /products/{id}: HTTPError('500 Server Error: Internal Server Error for url: GET /products/{id}')
------------------|---------------------------------------------------------------------------------------------------------------------------------------------

