[2026-10-03 19:41:34,023] Suporte/INFO/locust.main: Starting Locust 2.46.5
[2026-10-03 19:41:34,126] Suporte/INFO/locust.main: Run time limit set to 625 seconds
[2026-10-03 19:41:34,131] Suporte/INFO/locust.runners: Ramping to 250 users at a rate of 10.00 per second
[2026-10-03 19:41:58,373] Suporte/INFO/locust.runners: All users spawned: {"JornadaUser": 250} (250 total users)
[2026-10-03 19:41:58,374] Suporte/INFO/locust.runners: Resetting stats

[2026-10-03 19:51:59,131] Suporte/INFO/locust.main: --run-time limit reached, shutting down
[2026-10-03 19:51:59,846] Suporte/INFO/locust.main: Shutting down (exit code 0)
Type     Name                                                                          # reqs      # fails |    Avg     Min     Max    Med |   req/s  failures/s
--------|----------------------------------------------------------------------------|-------|-------------|-------|-------|-------|-------|--------|-----------
GET      GET /home (busca)                                                               8882     0(0.00%) |    252       7    3355    180 |   14.77        0.00
GET      GET /home (conscious_buyer)                                                     8841     0(0.00%) |    243       8    3976    170 |   14.70        0.00
GET      GET /home (default, com selo)                                                   7113     0(0.00%) |    242       8    2523    170 |   11.83        0.00
GET      GET /home (default, sem selo)                                                  15693     0(0.00%) |    243       7    3385    170 |   26.10        0.00
GET      GET /home (electronics_expert)                                                  8736     0(0.00%) |    249       8    2950    170 |   14.53        0.00
GET      GET /products/{id}                                                             10539     0(0.00%) |    217       3    2951    140 |   17.52        0.00
POST     POST /checkout/simulate                                                         7030     0(0.00%) |    266       9    3058    200 |   11.69        0.00
GET      [setup] home                                                                      10     0(0.00%) |    223     107     364    210 |    0.02        0.00
--------|----------------------------------------------------------------------------|-------|-------------|-------|-------|-------|-------|--------|-----------
         Aggregated                                                                     66844     0(0.00%) |    243       3    3976    170 |  111.15        0.00

Response time percentiles (approximated)
Type     Name                                                                                  50%    66%    75%    80%    90%    95%    98%    99%  99.9% 99.99%   100% # reqs
--------|--------------------------------------------------------------------------------|--------|------|------|------|------|------|------|------|------|------|------|------
GET      GET /home (busca)                                                                     180    320    390    430    540    640    850   1000   1800   3400   3400   8882
GET      GET /home (conscious_buyer)                                                           170    290    370    420    530    640    860   1100   2500   4000   4000   8841
GET      GET /home (default, com selo)                                                         170    300    370    410    520    620    900   1100   2000   2500   2500   7113
GET      GET /home (default, sem selo)                                                         170    300    370    420    530    630    880   1100   2300   3100   3400  15693
GET      GET /home (electronics_expert)                                                        170    310    380    430    540    660    910   1100   2000   3000   3000   8736
GET      GET /products/{id}                                                                    140    270    340    380    490    600    840   1100   2000   2900   3000  10539
POST     POST /checkout/simulate                                                               200    330    400    450    550    660    910   1100   2100   3100   3100   7030
GET      [setup] home                                                                          220    250    260    320    360    360    360    360    360    360    360     10
--------|--------------------------------------------------------------------------------|--------|------|------|------|------|------|------|------|------|------|------|------
         Aggregated                                                                            170    300    370    420    530    630    880   1100   2100   3000   4000  66844

