[2026-10-03 21:27:49,569] Suporte/INFO/locust.main: Starting Locust 2.46.5
[2026-10-03 21:27:49,672] Suporte/INFO/locust.main: Run time limit set to 625 seconds
[2026-10-03 21:27:49,677] Suporte/INFO/locust.runners: Ramping to 250 users at a rate of 10.00 per second
[2026-10-03 21:28:13,990] Suporte/INFO/locust.runners: All users spawned: {"JornadaUser": 250} (250 total users)
[2026-10-03 21:28:13,990] Suporte/INFO/locust.runners: Resetting stats

[2026-10-03 21:38:14,665] Suporte/INFO/locust.main: --run-time limit reached, shutting down
[2026-10-03 21:38:15,925] Suporte/INFO/locust.main: Shutting down (exit code 0)
Type     Name                                                                          # reqs      # fails |    Avg     Min     Max    Med |   req/s  failures/s
--------|----------------------------------------------------------------------------|-------|-------------|-------|-------|-------|-------|--------|-----------
GET      GET /home (busca)                                                               9351     0(0.00%) |     87       2    2635     17 |   15.54        0.00
GET      GET /home (conscious_buyer)                                                     9509     0(0.00%) |     63       2    2099     15 |   15.80        0.00
GET      GET /home (default, com selo)                                                   9214     0(0.00%) |     61       2    1166     15 |   15.31        0.00
GET      GET /home (default, sem selo)                                                  15449     0(0.00%) |     59       2    1106     15 |   25.67        0.00
GET      GET /home (electronics_expert)                                                  9478     0(0.00%) |     65       2    2402     15 |   15.75        0.00
GET      GET /products/{id}                                                             11356     0(0.00%) |    136       4    2453     22 |   18.87        0.00
POST     POST /checkout/simulate                                                         7517     0(0.00%) |    173      12    1949     43 |   12.49        0.00
GET      [setup] home                                                                      19     0(0.00%) |   1781     871    2982   1700 |    0.03        0.00
--------|----------------------------------------------------------------------------|-------|-------------|-------|-------|-------|-------|--------|-----------
         Aggregated                                                                     71893     0(0.00%) |     89       2    2982     19 |  119.44        0.00

Response time percentiles (approximated)
Type     Name                                                                                  50%    66%    75%    80%    90%    95%    98%    99%  99.9% 99.99%   100% # reqs
--------|--------------------------------------------------------------------------------|--------|------|------|------|------|------|------|------|------|------|------|------
GET      GET /home (busca)                                                                      17     27     46     67    240    460    870   1200   1800   2600   2600   9351
GET      GET /home (conscious_buyer)                                                            15     23     34     49    170    360    560    690   1500   2100   2100   9509
GET      GET /home (default, com selo)                                                          15     23     35     53    180    360    530    640    960   1200   1200   9214
GET      GET /home (default, sem selo)                                                          15     23     34     49    180    340    530    630    880   1100   1100  15449
GET      GET /home (electronics_expert)                                                         15     23     36     51    180    370    570    710   1500   2400   2400   9478
GET      GET /products/{id}                                                                     22     33     55    100    550    830   1100   1200   1800   2400   2500  11356
POST     POST /checkout/simulate                                                                43     59     96    160    640    970   1200   1300   1700   1900   1900   7517
GET      [setup] home                                                                         1700   1800   1800   1900   2300   3000   3000   3000   3000   3000   3000     19
--------|--------------------------------------------------------------------------------|--------|------|------|------|------|------|------|------|------|------|------|------
         Aggregated                                                                             19     31     47     66    250    510    840   1100   1600   2300   3000  71893

