[2026-10-03 21:38:29,155] Suporte/INFO/locust.main: Starting Locust 2.46.5
[2026-10-03 21:38:29,164] Suporte/INFO/locust.main: Run time limit set to 625 seconds
[2026-10-03 21:38:29,168] Suporte/INFO/locust.runners: Ramping to 250 users at a rate of 10.00 per second
[2026-10-03 21:38:53,520] Suporte/INFO/locust.runners: All users spawned: {"JornadaUser": 250} (250 total users)
[2026-10-03 21:38:53,520] Suporte/INFO/locust.runners: Resetting stats

[2026-10-03 21:48:54,162] Suporte/INFO/locust.main: --run-time limit reached, shutting down
[2026-10-03 21:48:55,533] Suporte/INFO/locust.main: Shutting down (exit code 0)
Type     Name                                                                          # reqs      # fails |    Avg     Min     Max    Med |   req/s  failures/s
--------|----------------------------------------------------------------------------|-------|-------------|-------|-------|-------|-------|--------|-----------
GET      GET /home (busca)                                                               9385     0(0.00%) |     67       2    3297     17 |   15.60        0.00
GET      GET /home (conscious_buyer)                                                     9439     0(0.00%) |     65       2    3230     17 |   15.69        0.00
GET      GET /home (default, com selo)                                                   9032     0(0.00%) |     68       2    2910     16 |   15.01        0.00
GET      GET /home (default, sem selo)                                                  15294     0(0.00%) |     67       2    3018     17 |   25.42        0.00
GET      GET /home (electronics_expert)                                                  9552     0(0.00%) |     66       2    3358     17 |   15.88        0.00
GET      GET /products/{id}                                                             11297     0(0.00%) |    142       4    4484     25 |   18.78        0.00
POST     POST /checkout/simulate                                                         7483     0(0.00%) |    189      10    5154     53 |   12.44        0.00
GET      [setup] home                                                                      10     0(0.00%) |     49      36      67     49 |    0.02        0.00
--------|----------------------------------------------------------------------------|-------|-------------|-------|-------|-------|-------|--------|-----------
         Aggregated                                                                     71492     0(0.00%) |     91       2    5154     21 |  118.82        0.00

Response time percentiles (approximated)
Type     Name                                                                                  50%    66%    75%    80%    90%    95%    98%    99%  99.9% 99.99%   100% # reqs
--------|--------------------------------------------------------------------------------|--------|------|------|------|------|------|------|------|------|------|------|------
GET      GET /home (busca)                                                                      17     28     42     63    160    350    540    720   2200   3300   3300   9385
GET      GET /home (conscious_buyer)                                                            17     29     43     61    160    340    530    710   2100   3200   3200   9439
GET      GET /home (default, com selo)                                                          16     28     44     63    170    330    550    730   2400   2900   2900   9032
GET      GET /home (default, sem selo)                                                          17     28     43     61    160    340    560    730   2400   3000   3000  15294
GET      GET /home (electronics_expert)                                                         17     28     43     62    170    320    540    680   2300   3400   3400   9552
GET      GET /products/{id}                                                                     25     43     72    120    440    780   1200   1600   3400   4100   4500  11297
POST     POST /checkout/simulate                                                                53     86    130    200    560    880   1300   1700   3400   5200   5200   7483
GET      [setup] home                                                                           49     51     53     59     67     67     67     67     67     67     67     10
--------|--------------------------------------------------------------------------------|--------|------|------|------|------|------|------|------|------|------|------|------
         Aggregated                                                                             21     37     57     79    220    450    790   1100   2900   3800   5200  71492

