[2026-10-03 22:56:01,453] Suporte/INFO/locust.main: Starting Locust 2.46.5
[2026-10-03 22:56:01,582] Suporte/INFO/locust.main: Run time limit set to 625 seconds
[2026-10-03 22:56:01,654] Suporte/INFO/locust.runners: Ramping to 250 users at a rate of 10.00 per second
[2026-10-03 22:56:25,867] Suporte/INFO/locust.runners: All users spawned: {"JornadaUser": 250} (250 total users)
[2026-10-03 22:56:25,867] Suporte/INFO/locust.runners: Resetting stats

[2026-10-03 23:06:26,584] Suporte/INFO/locust.main: --run-time limit reached, shutting down
[2026-10-03 23:06:27,358] Suporte/INFO/locust.main: Shutting down (exit code 0)
Type     Name                                                                          # reqs      # fails |    Avg     Min     Max    Med |   req/s  failures/s
--------|----------------------------------------------------------------------------|-------|-------------|-------|-------|-------|-------|--------|-----------
GET      GET /home (busca)                                                               8673     0(0.00%) |    281       8    3673    210 |   14.42        0.00
GET      GET /home (conscious_buyer)                                                     8707     0(0.00%) |    266       8    3026    200 |   14.48        0.00
GET      GET /home (default, com selo)                                                   7468     0(0.00%) |    267       8    3850    200 |   12.42        0.00
GET      GET /home (default, sem selo)                                                  14922     0(0.00%) |    267       8    3345    200 |   24.81        0.00
GET      GET /home (electronics_expert)                                                  8725     0(0.00%) |    270       8    2949    200 |   14.51        0.00
GET      GET /products/{id}                                                             10652     0(0.00%) |    239       4    3019    160 |   17.71        0.00
POST     POST /checkout/simulate                                                         6997     0(0.00%) |    300       9    3891    240 |   11.63        0.00
GET      [setup] home                                                                      10     0(0.00%) |    549      94    1251    750 |    0.02        0.00
--------|----------------------------------------------------------------------------|-------|-------------|-------|-------|-------|-------|--------|-----------
         Aggregated                                                                     66154     0(0.00%) |    268       4    3891    200 |  110.00        0.00

Response time percentiles (approximated)
Type     Name                                                                                  50%    66%    75%    80%    90%    95%    98%    99%  99.9% 99.99%   100% # reqs
--------|--------------------------------------------------------------------------------|--------|------|------|------|------|------|------|------|------|------|------|------
GET      GET /home (busca)                                                                     210    340    410    470    590    720    950   1200   2200   3700   3700   8673
GET      GET /home (conscious_buyer)                                                           200    320    400    450    570    690    900   1100   2200   3000   3000   8707
GET      GET /home (default, com selo)                                                         200    330    400    460    560    690    930   1200   2200   3900   3900   7468
GET      GET /home (default, sem selo)                                                         200    320    400    450    570    710    940   1200   2200   3100   3300  14922
GET      GET /home (electronics_expert)                                                        200    330    400    450    570    700    940   1200   2200   2900   2900   8725
GET      GET /products/{id}                                                                    160    290    370    420    530    670    880   1200   2200   3000   3000  10652
POST     POST /checkout/simulate                                                               240    360    440    490    600    740    980   1200   2300   3900   3900   6997
GET      [setup] home                                                                          750    770    770    770   1300   1300   1300   1300   1300   1300   1300     10
--------|--------------------------------------------------------------------------------|--------|------|------|------|------|------|------|------|------|------|------|------
         Aggregated                                                                            200    320    400    450    570    700    930   1200   2200   3000   3900  66154

