[2026-10-03 23:06:35,423] Suporte/INFO/locust.main: Starting Locust 2.46.5
[2026-10-03 23:06:35,427] Suporte/INFO/locust.main: Run time limit set to 625 seconds
[2026-10-03 23:06:35,429] Suporte/INFO/locust.runners: Ramping to 250 users at a rate of 10.00 per second
[2026-10-03 23:06:59,719] Suporte/INFO/locust.runners: All users spawned: {"JornadaUser": 250} (250 total users)
[2026-10-03 23:06:59,720] Suporte/INFO/locust.runners: Resetting stats

[2026-10-03 23:17:00,431] Suporte/INFO/locust.main: --run-time limit reached, shutting down
[2026-10-03 23:17:00,972] Suporte/INFO/locust.main: Shutting down (exit code 0)
Type     Name                                                                          # reqs      # fails |    Avg     Min     Max    Med |   req/s  failures/s
--------|----------------------------------------------------------------------------|-------|-------------|-------|-------|-------|-------|--------|-----------
GET      GET /home (busca)                                                               9800     0(0.00%) |     11       2     686      5 |   16.30        0.00
GET      GET /home (conscious_buyer)                                                     9711     0(0.00%) |      9       1     789      5 |   16.15        0.00
GET      GET /home (default, com selo)                                                   8505     0(0.00%) |      8       2     621      4 |   14.15        0.00
GET      GET /home (default, sem selo)                                                  16904     0(0.00%) |      8       1     494      4 |   28.12        0.00
GET      GET /home (electronics_expert)                                                  9807     0(0.00%) |      9       1     679      4 |   16.31        0.00
GET      GET /products/{id}                                                             11839     0(0.00%) |     13       3     671      6 |   19.69        0.00
POST     POST /checkout/simulate                                                         7867     0(0.00%) |     24       8     712     15 |   13.09        0.00
GET      [setup] home                                                                      10     0(0.00%) |    574     191     804    680 |    0.02        0.00
--------|----------------------------------------------------------------------------|-------|-------------|-------|-------|-------|-------|--------|-----------
         Aggregated                                                                     74443     0(0.00%) |     11       1     804      5 |  123.82        0.00

Response time percentiles (approximated)
Type     Name                                                                                  50%    66%    75%    80%    90%    95%    98%    99%  99.9% 99.99%   100% # reqs
--------|--------------------------------------------------------------------------------|--------|------|------|------|------|------|------|------|------|------|------|------
GET      GET /home (busca)                                                                       5      6      7      9     15     25     68    150    570    690    690   9800
GET      GET /home (conscious_buyer)                                                             5      6      6      7     10     19     60    110    490    790    790   9711
GET      GET /home (default, com selo)                                                           4      5      6      7     10     17     52     98    320    620    620   8505
GET      GET /home (default, sem selo)                                                           4      5      6      7     10     18     52    100    340    490    490  16904
GET      GET /home (electronics_expert)                                                          4      5      6      7     10     17     58    110    380    680    680   9807
GET      GET /products/{id}                                                                      6      8      9     10     13     24     86    230    600    660    670  11839
POST     POST /checkout/simulate                                                                15     17     19     20     26     41    130    330    650    710    710   7867
GET      [setup] home                                                                          680    680    720    740    800    800    800    800    800    800    800     10
--------|--------------------------------------------------------------------------------|--------|------|------|------|------|------|------|------|------|------|------|------
         Aggregated                                                                              5      7      9     11     16     24     65    140    580    690    800  74443

