[2026-10-03 22:00:08,864] Suporte/INFO/locust.main: Starting Locust 2.46.5
[2026-10-03 22:00:08,871] Suporte/INFO/locust.main: Run time limit set to 310 seconds
[2026-10-03 22:00:08,874] Suporte/INFO/locust.runners: Ramping to 50 users at a rate of 5.00 per second
[2026-10-03 22:00:17,997] Suporte/INFO/locust.runners: All users spawned: {"JornadaUser": 50} (50 total users)
[2026-10-03 22:00:17,998] Suporte/INFO/locust.runners: Resetting stats

[2026-10-03 22:05:18,877] Suporte/INFO/locust.main: --run-time limit reached, shutting down
[2026-10-03 22:05:19,958] Suporte/INFO/locust.main: Shutting down (exit code 0)
Type     Name                                                                          # reqs      # fails |    Avg     Min     Max    Med |   req/s  failures/s
--------|----------------------------------------------------------------------------|-------|-------------|-------|-------|-------|-------|--------|-----------
GET      GET /home (busca)                                                                991     0(0.00%) |     15       4     346     13 |    3.29        0.00
GET      GET /home (conscious_buyer)                                                     1029     0(0.00%) |     16       3     237     13 |    3.42        0.00
GET      GET /home (default, com selo)                                                    926     0(0.00%) |     16       4     250     13 |    3.08        0.00
GET      GET /home (default, sem selo)                                                   1588     0(0.00%) |     15       4     109     13 |    5.28        0.00
GET      GET /home (electronics_expert)                                                   955     0(0.00%) |     15       4     141     13 |    3.17        0.00
GET      GET /products/{id}                                                              1146     0(0.00%) |     24       7     271     21 |    3.81        0.00
POST     POST /checkout/simulate                                                          798     0(0.00%) |     60      18     242     58 |    2.65        0.00
GET      [setup] home                                                                       5     0(0.00%) |     57      47      67     59 |    0.02        0.00
--------|----------------------------------------------------------------------------|-------|-------------|-------|-------|-------|-------|--------|-----------
         Aggregated                                                                      7438     0(0.00%) |     21       3     346     15 |   24.72        0.00

Response time percentiles (approximated)
Type     Name                                                                                  50%    66%    75%    80%    90%    95%    98%    99%  99.9% 99.99%   100% # reqs
--------|--------------------------------------------------------------------------------|--------|------|------|------|------|------|------|------|------|------|------|------
GET      GET /home (busca)                                                                      13     15     16     17     23     28     39     76    350    350    350    991
GET      GET /home (conscious_buyer)                                                            13     15     17     18     23     29     38     84    140    240    240   1029
GET      GET /home (default, com selo)                                                          13     15     16     18     23     28     49     87    250    250    250    926
GET      GET /home (default, sem selo)                                                          13     15     16     18     23     28     36     47    100    110    110   1588
GET      GET /home (electronics_expert)                                                         13     15     16     17     22     26     41     57    140    140    140    955
GET      GET /products/{id}                                                                     21     23     26     28     34     40     57     77    190    270    270   1146
POST     POST /checkout/simulate                                                                58     62     66     69     79     97    130    150    240    240    240    798
GET      [setup] home                                                                           59     64     64     67     67     67     67     67     67     67     67      5
--------|--------------------------------------------------------------------------------|--------|------|------|------|------|------|------|------|------|------|------|------
         Aggregated                                                                             15     19     22     25     49     61     77     94    200    350    350   7438

