[2026-10-03 23:17:13,653] Suporte/INFO/locust.main: Starting Locust 2.46.5
[2026-10-03 23:17:13,655] Suporte/INFO/locust.main: Run time limit set to 625 seconds
[2026-10-03 23:17:13,656] Suporte/INFO/locust.runners: Ramping to 250 users at a rate of 10.00 per second
[2026-10-03 23:17:37,771] Suporte/INFO/locust.runners: All users spawned: {"JornadaUser": 250} (250 total users)
[2026-10-03 23:17:37,771] Suporte/INFO/locust.runners: Resetting stats

[2026-10-03 23:27:38,657] Suporte/INFO/locust.main: --run-time limit reached, shutting down
[2026-10-03 23:27:39,194] Suporte/INFO/locust.main: Shutting down (exit code 0)
Type     Name                                                                          # reqs      # fails |    Avg     Min     Max    Med |   req/s  failures/s
--------|----------------------------------------------------------------------------|-------|-------------|-------|-------|-------|-------|--------|-----------
GET      GET /home (busca)                                                               9682     0(0.00%) |      7       1     672      5 |   16.11        0.00
GET      GET /home (conscious_buyer)                                                     9803     0(0.00%) |      7       2     665      5 |   16.31        0.00
GET      GET /home (default, com selo)                                                   8557     0(0.00%) |      7       1     609      4 |   14.24        0.00
GET      GET /home (default, sem selo)                                                  17110     0(0.00%) |      7       1     682      5 |   28.48        0.00
GET      GET /home (electronics_expert)                                                  9969     0(0.00%) |      7       1     672      4 |   16.59        0.00
GET      GET /products/{id}                                                             11608     0(0.00%) |     13       3     791      7 |   19.32        0.00
POST     POST /checkout/simulate                                                         7875     0(0.00%) |     24       8     769     15 |   13.11        0.00
GET      [setup] home                                                                      10     0(0.00%) |     23      15      37     20 |    0.02        0.00
--------|----------------------------------------------------------------------------|-------|-------------|-------|-------|-------|-------|--------|-----------
         Aggregated                                                                     74614     0(0.00%) |     10       1     791      5 |  124.18        0.00

Response time percentiles (approximated)
Type     Name                                                                                  50%    66%    75%    80%    90%    95%    98%    99%  99.9% 99.99%   100% # reqs
--------|--------------------------------------------------------------------------------|--------|------|------|------|------|------|------|------|------|------|------|------
GET      GET /home (busca)                                                                       5      6      6      7     10     18     38     74    290    670    670   9682
GET      GET /home (conscious_buyer)                                                             5      6      6      7     11     19     40     72    280    670    670   9803
GET      GET /home (default, com selo)                                                           4      6      6      7     11     18     37     72    280    610    610   8557
GET      GET /home (default, sem selo)                                                           5      6      6      7     11     19     41     78    300    650    680  17110
GET      GET /home (electronics_expert)                                                          4      6      6      7     10     18     37     74    340    670    670   9969
GET      GET /products/{id}                                                                      7      8      9     10     15     27     75    230    630    780    790  11608
POST     POST /checkout/simulate                                                                15     18     20     21     29     47     96    240    690    770    770   7875
GET      [setup] home                                                                           21     22     31     32     38     38     38     38     38     38     38     10
--------|--------------------------------------------------------------------------------|--------|------|------|------|------|------|------|------|------|------|------|------
         Aggregated                                                                              5      7      9     11     16     25     50     94    510    730    790  74614

