18 ensaios, ~190 min
[1/18] r2-u50-off 2026-10-04T08:22:40
[2/18] r2-u50-frio 2026-10-04T08:27:59
[3/18] r2-u50-aquecido 2026-10-04T08:33:17
[4/18] r2-u1000-off 2026-10-04T08:38:34
[5/18] r2-u1000-frio 2026-10-04T08:54:23
[6/18] r2-u1000-aquecido 2026-10-04T09:10:12
[7/18] r2-u250-off 2026-10-04T09:26:00
[8/18] r2-u250-frio 2026-10-04T09:36:32
[9/18] r2-u250-aquecido 2026-10-04T09:47:05
[10/18] r3-u50-off 2026-10-04T09:57:37
[11/18] r3-u50-frio 2026-10-04T10:02:54
[12/18] r3-u50-aquecido 2026-10-04T10:08:11
[13/18] r3-u1000-off 2026-10-04T10:13:29
[14/18] r3-u1000-frio 2026-10-04T10:29:18
[15/18] r3-u1000-aquecido 2026-10-04T10:45:07
[16/18] r3-u250-off 2026-10-04T11:00:54
[17/18] r3-u250-frio 2026-10-04T11:11:28
[18/18] r3-u250-aquecido 2026-10-04T11:22:02
fim: 2026-10-04T11:32:41 codigo=
