[2026-10-04 08:22:48,798] Suporte/INFO/locust.main: Starting Locust 2.46.5
[2026-10-04 08:22:48,802] Suporte/INFO/locust.main: Run time limit set to 310 seconds
[2026-10-04 08:22:48,806] Suporte/INFO/locust.runners: Ramping to 50 users at a rate of 5.00 per second
[2026-10-04 08:22:57,899] Suporte/INFO/locust.runners: All users spawned: {"JornadaUser": 50} (50 total users)
[2026-10-04 08:22:57,900] Suporte/INFO/locust.runners: Resetting stats

[2026-10-04 08:27:58,805] Suporte/INFO/locust.main: --run-time limit reached, shutting down
[2026-10-04 08:27:59,264] Suporte/INFO/locust.main: Shutting down (exit code 0)
Type     Name                                                                          # reqs      # fails |    Avg     Min     Max    Med |   req/s  failures/s
--------|----------------------------------------------------------------------------|-------|-------------|-------|-------|-------|-------|--------|-----------
GET      GET /home (busca)                                                                992     0(0.00%) |     15       7      81     13 |    3.30        0.00
GET      GET /home (conscious_buyer)                                                      922     0(0.00%) |     16       8      98     14 |    3.06        0.00
GET      GET /home (default, com selo)                                                    710     0(0.00%) |     15       7      52     13 |    2.36        0.00
GET      GET /home (default, sem selo)                                                   1944     0(0.00%) |     15       7     162     13 |    6.46        0.00
GET      GET /home (electronics_expert)                                                   960     0(0.00%) |     15       8      70     13 |    3.19        0.00
GET      GET /products/{id}                                                              1154     0(0.00%) |      8       3      37      7 |    3.84        0.00
POST     POST /checkout/simulate                                                          793     0(0.00%) |     19       9     126     17 |    2.64        0.00
GET      [setup] home                                                                       5     0(0.00%) |     85      39     243     50 |    0.02        0.00
--------|----------------------------------------------------------------------------|-------|-------------|-------|-------|-------|-------|--------|-----------
         Aggregated                                                                      7480     0(0.00%) |     15       3     243     13 |   24.86        0.00

Response time percentiles (approximated)
Type     Name                                                                                  50%    66%    75%    80%    90%    95%    98%    99%  99.9% 99.99%   100% # reqs
--------|--------------------------------------------------------------------------------|--------|------|------|------|------|------|------|------|------|------|------|------
GET      GET /home (busca)                                                                      13     15     18     20     27     31     37     41     81     81     81    992
GET      GET /home (conscious_buyer)                                                            14     17     20     22     28     33     39     46     99     99     99    922
GET      GET /home (default, com selo)                                                          13     16     19     22     28     32     37     42     52     52     52    710
GET      GET /home (default, sem selo)                                                          13     15     18     20     25     30     36     38     96    160    160   1944
GET      GET /home (electronics_expert)                                                         13     15     18     20     27     32     38     42     70     70     70    960
GET      GET /products/{id}                                                                      7      9     10     11     17     19     23     26     35     38     38   1154
POST     POST /checkout/simulate                                                                17     20     23     25     31     37     45     50    130    130    130    793
GET      [setup] home                                                                           50     52     52    240    240    240    240    240    240    240    240      5
--------|--------------------------------------------------------------------------------|--------|------|------|------|------|------|------|------|------|------|------|------
         Aggregated                                                                             13     15     18     20     26     31     37     42     81    240    240   7480

