[2026-10-04 08:28:06,142] Suporte/INFO/locust.main: Starting Locust 2.46.5
[2026-10-04 08:28:06,148] Suporte/INFO/locust.main: Run time limit set to 310 seconds
[2026-10-04 08:28:06,149] Suporte/INFO/locust.runners: Ramping to 50 users at a rate of 5.00 per second
[2026-10-04 08:28:15,207] Suporte/INFO/locust.runners: All users spawned: {"JornadaUser": 50} (50 total users)
[2026-10-04 08:28:15,207] Suporte/INFO/locust.runners: Resetting stats

[2026-10-04 08:33:16,152] Suporte/INFO/locust.main: --run-time limit reached, shutting down
[2026-10-04 08:33:16,521] Suporte/INFO/locust.main: Shutting down (exit code 0)
Type     Name                                                                          # reqs      # fails |    Avg     Min     Max    Med |   req/s  failures/s
--------|----------------------------------------------------------------------------|-------|-------------|-------|-------|-------|-------|--------|-----------
GET      GET /home (busca)                                                               1012     0(0.00%) |      9       2      44      7 |    3.36        0.00
GET      GET /home (conscious_buyer)                                                     1023     0(0.00%) |      7       2      37      6 |    3.40        0.00
GET      GET /home (default, com selo)                                                    634     0(0.00%) |      6       2      30      5 |    2.11        0.00
GET      GET /home (default, sem selo)                                                   1864     0(0.00%) |      6       2      31      6 |    6.20        0.00
GET      GET /home (electronics_expert)                                                   977     0(0.00%) |      7       2      36      6 |    3.25        0.00
GET      GET /products/{id}                                                              1168     0(0.00%) |      9       3      30      8 |    3.88        0.00
POST     POST /checkout/simulate                                                          805     0(0.00%) |     21       9      62     20 |    2.68        0.00
GET      [setup] home                                                                       5     0(0.00%) |     32      29      35     32 |    0.02        0.00
--------|----------------------------------------------------------------------------|-------|-------------|-------|-------|-------|-------|--------|-----------
         Aggregated                                                                      7488     0(0.00%) |      9       2      62      7 |   24.89        0.00

Response time percentiles (approximated)
Type     Name                                                                                  50%    66%    75%    80%    90%    95%    98%    99%  99.9% 99.99%   100% # reqs
--------|--------------------------------------------------------------------------------|--------|------|------|------|------|------|------|------|------|------|------|------
GET      GET /home (busca)                                                                       7     10     11     12     17     24     33     36     44     45     45   1012
GET      GET /home (conscious_buyer)                                                             6      8      9     10     12     14     18     22     37     37     37   1023
GET      GET /home (default, com selo)                                                           5      7      9     10     11     13     15     16     30     30     30    634
GET      GET /home (default, sem selo)                                                           6      7      9     10     11     12     14     16     30     31     31   1864
GET      GET /home (electronics_expert)                                                          6      8      9     10     12     14     20     26     37     37     37    977
GET      GET /products/{id}                                                                      8     11     12     14     18     20     22     24     30     31     31   1168
POST     POST /checkout/simulate                                                                20     25     28     29     33     37     43     46     62     62     62    805
GET      [setup] home                                                                           32     33     33     36     36     36     36     36     36     36     36      5
--------|--------------------------------------------------------------------------------|--------|------|------|------|------|------|------|------|------|------|------|------
         Aggregated                                                                              7     10     11     12     18     25     31     35     47     62     62   7488

