[2026-10-04 09:26:06,399] Suporte/INFO/locust.main: Starting Locust 2.46.5
[2026-10-04 09:26:06,408] Suporte/INFO/locust.main: Run time limit set to 625 seconds
[2026-10-04 09:26:06,412] Suporte/INFO/locust.runners: Ramping to 250 users at a rate of 10.00 per second
[2026-10-04 09:26:30,532] Suporte/INFO/locust.runners: All users spawned: {"JornadaUser": 250} (250 total users)
[2026-10-04 09:26:30,533] Suporte/INFO/locust.runners: Resetting stats

[2026-10-04 09:36:31,414] Suporte/INFO/locust.main: --run-time limit reached, shutting down
[2026-10-04 09:36:32,093] Suporte/INFO/locust.main: Shutting down (exit code 0)
Type     Name                                                                          # reqs      # fails |    Avg     Min     Max    Med |   req/s  failures/s
--------|----------------------------------------------------------------------------|-------|-------------|-------|-------|-------|-------|--------|-----------
GET      GET /home (busca)                                                               8836     0(0.00%) |    248       8    1607    200 |   14.69        0.00
GET      GET /home (conscious_buyer)                                                     8784     0(0.00%) |    235       9    1576    180 |   14.60        0.00
GET      GET /home (default, com selo)                                                   8567     0(0.00%) |    230       8    1311    170 |   14.24        0.00
GET      GET /home (default, sem selo)                                                  14494     0(0.00%) |    232       7    1561    180 |   24.10        0.00
GET      GET /home (electronics_expert)                                                  8727     0(0.00%) |    237       8    1425    180 |   14.51        0.00
GET      GET /products/{id}                                                             10661     0(0.00%) |    208       3    1493    150 |   17.72        0.00
POST     POST /checkout/simulate                                                         7087     0(0.00%) |    267       9    1328    230 |   11.78        0.00
GET      [setup] home                                                                      10     0(0.00%) |    208     109     489    150 |    0.02        0.00
--------|----------------------------------------------------------------------------|-------|-------------|-------|-------|-------|-------|--------|-----------
         Aggregated                                                                     67166     0(0.00%) |    235       3    1607    180 |  111.66        0.00

Response time percentiles (approximated)
Type     Name                                                                                  50%    66%    75%    80%    90%    95%    98%    99%  99.9% 99.99%   100% # reqs
--------|--------------------------------------------------------------------------------|--------|------|------|------|------|------|------|------|------|------|------|------
GET      GET /home (busca)                                                                     200    320    380    430    530    590    690    790   1100   1600   1600   8836
GET      GET /home (conscious_buyer)                                                           180    300    370    410    510    580    700    790   1200   1600   1600   8784
GET      GET /home (default, com selo)                                                         170    290    370    410    510    590    700    790   1000   1300   1300   8567
GET      GET /home (default, sem selo)                                                         180    300    360    400    510    580    690    770   1100   1500   1600  14494
GET      GET /home (electronics_expert)                                                        180    310    380    410    510    590    710    790   1200   1400   1400   8727
GET      GET /products/{id}                                                                    150    270    340    380    480    550    660    750   1100   1400   1500  10661
POST     POST /checkout/simulate                                                               230    340    410    440    530    610    740    830   1200   1300   1300   7087
GET      [setup] home                                                                          170    170    300    300    490    490    490    490    490    490    490     10
--------|--------------------------------------------------------------------------------|--------|------|------|------|------|------|------|------|------|------|------|------
         Aggregated                                                                            180    300    370    410    510    580    700    790   1100   1400   1600  67166

