[2026-10-04 09:47:11,000] Suporte/INFO/locust.main: Starting Locust 2.46.5
[2026-10-04 09:47:11,006] Suporte/INFO/locust.main: Run time limit set to 625 seconds
[2026-10-04 09:47:11,008] Suporte/INFO/locust.runners: Ramping to 250 users at a rate of 10.00 per second
[2026-10-04 09:47:35,116] Suporte/INFO/locust.runners: All users spawned: {"JornadaUser": 250} (250 total users)
[2026-10-04 09:47:35,116] Suporte/INFO/locust.runners: Resetting stats

[2026-10-04 09:57:36,007] Suporte/INFO/locust.main: --run-time limit reached, shutting down
[2026-10-04 09:57:36,442] Suporte/INFO/locust.main: Shutting down (exit code 0)
Type     Name                                                                          # reqs      # fails |    Avg     Min     Max    Med |   req/s  failures/s
--------|----------------------------------------------------------------------------|-------|-------------|-------|-------|-------|-------|--------|-----------
GET      GET /home (busca)                                                               9714     0(0.00%) |      8       2     394      5 |   16.16        0.00
GET      GET /home (conscious_buyer)                                                     9823     0(0.00%) |      8       2     398      5 |   16.34        0.00
GET      GET /home (default, com selo)                                                   9563     0(0.00%) |      8       1     199      5 |   15.90        0.00
GET      GET /home (default, sem selo)                                                  16121     0(0.00%) |      8       2     146      5 |   26.81        0.00
GET      GET /home (electronics_expert)                                                  9831     0(0.00%) |      8       2     178      5 |   16.35        0.00
GET      GET /products/{id}                                                             11690     0(0.00%) |     12       3     405      7 |   19.44        0.00
POST     POST /checkout/simulate                                                         7850     0(0.00%) |     23       8     403     17 |   13.06        0.00
GET      [setup] home                                                                      10     0(0.00%) |    196      40     347    210 |    0.02        0.00
--------|----------------------------------------------------------------------------|-------|-------------|-------|-------|-------|-------|--------|-----------
         Aggregated                                                                     74602     0(0.00%) |     10       1     405      6 |  124.07        0.00

Response time percentiles (approximated)
Type     Name                                                                                  50%    66%    75%    80%    90%    95%    98%    99%  99.9% 99.99%   100% # reqs
--------|--------------------------------------------------------------------------------|--------|------|------|------|------|------|------|------|------|------|------|------
GET      GET /home (busca)                                                                       5      7      9     11     19     26     33     40     97    390    390   9714
GET      GET /home (conscious_buyer)                                                             5      7      9     11     18     25     33     39     88    400    400   9823
GET      GET /home (default, com selo)                                                           5      7      9     11     18     25     32     38     79    200    200   9563
GET      GET /home (default, sem selo)                                                           5      7      9     11     19     25     33     40     84    140    150  16121
GET      GET /home (electronics_expert)                                                          5      7      9     11     18     25     33     39    120    180    180   9831
GET      GET /products/{id}                                                                      7     10     13     16     26     36     46     57    180    310    410  11690
POST     POST /checkout/simulate                                                                17     21     26     30     47     59     71     81    280    400    400   7850
GET      [setup] home                                                                          230    240    250    260    350    350    350    350    350    350    350     10
--------|--------------------------------------------------------------------------------|--------|------|------|------|------|------|------|------|------|------|------|------
         Aggregated                                                                              6      9     13     15     23     31     44     57    140    380    410  74602

