[2026-10-04 09:36:39,072] Suporte/INFO/locust.main: Starting Locust 2.46.5
[2026-10-04 09:36:39,080] Suporte/INFO/locust.main: Run time limit set to 625 seconds
[2026-10-04 09:36:39,081] Suporte/INFO/locust.runners: Ramping to 250 users at a rate of 10.00 per second
[2026-10-04 09:37:03,204] Suporte/INFO/locust.runners: All users spawned: {"JornadaUser": 250} (250 total users)
[2026-10-04 09:37:03,205] Suporte/INFO/locust.runners: Resetting stats

[2026-10-04 09:47:04,085] Suporte/INFO/locust.main: --run-time limit reached, shutting down
[2026-10-04 09:47:04,475] Suporte/INFO/locust.main: Shutting down (exit code 0)
Type     Name                                                                          # reqs      # fails |    Avg     Min     Max    Med |   req/s  failures/s
--------|----------------------------------------------------------------------------|-------|-------------|-------|-------|-------|-------|--------|-----------
GET      GET /home (busca)                                                               9794     0(0.00%) |     10       2     687      5 |   16.30        0.00
GET      GET /home (conscious_buyer)                                                     9913     0(0.00%) |      8       2     700      5 |   16.50        0.00
GET      GET /home (default, com selo)                                                   9371     0(0.00%) |      8       1     336      5 |   15.60        0.00
GET      GET /home (default, sem selo)                                                  16144     0(0.00%) |      7       1     349      5 |   26.87        0.00
GET      GET /home (electronics_expert)                                                  9792     0(0.00%) |      8       1     495      5 |   16.30        0.00
GET      GET /products/{id}                                                             11728     0(0.00%) |     12       3     656      7 |   19.52        0.00
POST     POST /checkout/simulate                                                         7751     0(0.00%) |     23       8     729     16 |   12.90        0.00
GET      [setup] home                                                                      10     0(0.00%) |    783     649     930    730 |    0.02        0.00
--------|----------------------------------------------------------------------------|-------|-------------|-------|-------|-------|-------|--------|-----------
         Aggregated                                                                     74503     0(0.00%) |     10       1     930      6 |  123.99        0.00

Response time percentiles (approximated)
Type     Name                                                                                  50%    66%    75%    80%    90%    95%    98%    99%  99.9% 99.99%   100% # reqs
--------|--------------------------------------------------------------------------------|--------|------|------|------|------|------|------|------|------|------|------|------
GET      GET /home (busca)                                                                       5      8     11     13     21     29     43     62    410    690    690   9794
GET      GET /home (conscious_buyer)                                                             5      7      8     10     17     25     34     42    190    700    700   9913
GET      GET /home (default, com selo)                                                           5      6      8     10     17     24     33     40    140    340    340   9371
GET      GET /home (default, sem selo)                                                           5      7      8     10     16     24     33     41    120    330    350  16144
GET      GET /home (electronics_expert)                                                          5      7      8     10     17     24     35     44    150    500    500   9792
GET      GET /products/{id}                                                                      7      9     12     15     25     35     49     66    290    550    660  11728
POST     POST /checkout/simulate                                                                16     20     23     27     41     56     71     90    540    730    730   7751
GET      [setup] home                                                                          770    840    860    910    930    930    930    930    930    930    930     10
--------|--------------------------------------------------------------------------------|--------|------|------|------|------|------|------|------|------|------|------|------
         Aggregated                                                                              6      9     12     14     22     31     45     60    270    730    930  74503

