[2026-10-04 09:10:18,305] Suporte/INFO/locust.main: Starting Locust 2.46.5
[2026-10-04 09:10:18,341] Suporte/INFO/locust.main: Run time limit set to 940 seconds
[2026-10-04 09:10:18,342] Suporte/INFO/locust.runners: Ramping to 1000 users at a rate of 25.00 per second
[2026-10-04 09:10:57,532] Suporte/INFO/locust.runners: All users spawned: {"JornadaUser": 1000} (1000 total users)
[2026-10-04 09:10:57,533] Suporte/INFO/locust.runners: Resetting stats

[2026-10-04 09:25:58,341] Suporte/INFO/locust.main: --run-time limit reached, shutting down
[2026-10-04 09:25:59,478] Suporte/INFO/locust.main: Shutting down (exit code 1)
Type     Name                                                                          # reqs      # fails |    Avg     Min     Max    Med |   req/s  failures/s
--------|----------------------------------------------------------------------------|-------|-------------|-------|-------|-------|-------|--------|-----------
GET      GET /home (busca)                                                              45080     0(0.00%) |    103      27     789     88 |   49.98        0.00
GET      GET /home (conscious_buyer)                                                    45307     1(0.00%) |    103      24     769     87 |   50.24        0.00
GET      GET /home (default, com selo)                                                  40262     1(0.00%) |    103      26     790     87 |   44.64        0.00
GET      GET /home (default, sem selo)                                                  77518     4(0.01%) |    103      12     790     87 |   85.95        0.00
GET      GET /home (electronics_expert)                                                 45338     1(0.00%) |    103      23     799     88 |   50.27        0.00
GET      GET /products/{id}                                                             54481     1(0.00%) |   2035      44   30124   1200 |   60.41        0.00
POST     POST /checkout/simulate                                                        36003     2(0.01%) |   2083      73   30138   1300 |   39.92        0.00
GET      [setup] home                                                                      25     0(0.00%) |    722     265    1062    710 |    0.03        0.00
--------|----------------------------------------------------------------------------|-------|-------------|-------|-------|-------|-------|--------|-----------
         Aggregated                                                                    344014    10(0.00%) |    616      12   30138    100 |  381.44        0.01

Response time percentiles (approximated)
Type     Name                                                                                  50%    66%    75%    80%    90%    95%    98%    99%  99.9% 99.99%   100% # reqs
--------|--------------------------------------------------------------------------------|--------|------|------|------|------|------|------|------|------|------|------|------
GET      GET /home (busca)                                                                      88    110    120    130    170    210    270    310    540    700    790  45080
GET      GET /home (conscious_buyer)                                                            87    110    120    130    170    210    270    310    520    700    770  45307
GET      GET /home (default, com selo)                                                          87    110    120    130    170    210    270    310    480    630    790  40262
GET      GET /home (default, sem selo)                                                          87    110    120    130    170    210    270    310    550    760    790  77518
GET      GET /home (electronics_expert)                                                         88    110    120    130    170    210    270    310    530    710    800  45338
GET      GET /products/{id}                                                                   1200   2200   3000   3700   5500   7400  10000  12000  19000  26000  30000  54481
POST     POST /checkout/simulate                                                              1300   2200   3000   3700   5500   7400  10000  12000  19000  26000  30000  36003
GET      [setup] home                                                                          710    830   1000   1000   1100   1100   1100   1100   1100   1100   1100     25
--------|--------------------------------------------------------------------------------|--------|------|------|------|------|------|------|------|------|------|------|------
         Aggregated                                                                            100    140    170    200   2000   3800   6300   8200  15000  22000  30000 344014

Error report
# occurrences      Error                                                                                               
------------------|---------------------------------------------------------------------------------------------------------------------------------------------
2                  GET GET /home (default, sem selo): RemoteDisconnected('Remote end closed connection without response')
1                  GET GET /home (default, sem selo): ConnectionResetError(10054, 'Foi forçado o cancelamento de uma conexão existente pelo host remoto', None, 10054, None)
1                  GET GET /home (conscious_buyer): RemoteDisconnected('Remote end closed connection without response')
1                  GET GET /products/{id}: HTTPError('500 Server Error: Internal Server Error for url: GET /products/{id}')
2                  POST POST /checkout/simulate: HTTPError('500 Server Error: Internal Server Error for url: POST /checkout/simulate')
1                  GET GET /home (default, com selo): HTTPError('500 Server Error: Internal Server Error for url: GET /home (default, com selo)')
1                  GET GET /home (electronics_expert): HTTPError('500 Server Error: Internal Server Error for url: GET /home (electronics_expert)')
1                  GET GET /home (default, sem selo): HTTPError('500 Server Error: Internal Server Error for url: GET /home (default, sem selo)')
------------------|---------------------------------------------------------------------------------------------------------------------------------------------

