[2026-10-04 11:11:36,459] Suporte/INFO/locust.main: Starting Locust 2.46.5
[2026-10-04 11:11:36,461] Suporte/INFO/locust.main: Run time limit set to 625 seconds
[2026-10-04 11:11:36,463] Suporte/INFO/locust.runners: Ramping to 250 users at a rate of 10.00 per second
[2026-10-04 11:12:00,583] Suporte/INFO/locust.runners: All users spawned: {"JornadaUser": 250} (250 total users)
[2026-10-04 11:12:00,583] Suporte/INFO/locust.runners: Resetting stats

[2026-10-04 11:22:01,463] Suporte/INFO/locust.main: --run-time limit reached, shutting down
[2026-10-04 11:22:02,033] Suporte/INFO/locust.main: Shutting down (exit code 0)
Type     Name                                                                          # reqs      # fails |    Avg     Min     Max    Med |   req/s  failures/s
--------|----------------------------------------------------------------------------|-------|-------------|-------|-------|-------|-------|--------|-----------
GET      GET /home (busca)                                                               9752     0(0.00%) |      7       2     683      5 |   16.23        0.00
GET      GET /home (conscious_buyer)                                                     9836     0(0.00%) |      6       1     551      4 |   16.37        0.00
GET      GET /home (default, com selo)                                                   8480     0(0.00%) |      5       1     326      4 |   14.11        0.00
GET      GET /home (default, sem selo)                                                  17060     0(0.00%) |      5       1     265      4 |   28.39        0.00
GET      GET /home (electronics_expert)                                                 10028     0(0.00%) |      6       1     641      4 |   16.69        0.00
GET      GET /products/{id}                                                             11690     0(0.00%) |      9       3     531      7 |   19.46        0.00
POST     POST /checkout/simulate                                                         7759     0(0.00%) |     19       8     575     15 |   12.91        0.00
GET      [setup] home                                                                      10     0(0.00%) |    413      80     593    580 |    0.02        0.00
--------|----------------------------------------------------------------------------|-------|-------------|-------|-------|-------|-------|--------|-----------
         Aggregated                                                                     74615     0(0.00%) |      8       1     683      5 |  124.18        0.00

Response time percentiles (approximated)
Type     Name                                                                                  50%    66%    75%    80%    90%    95%    98%    99%  99.9% 99.99%   100% # reqs
--------|--------------------------------------------------------------------------------|--------|------|------|------|------|------|------|------|------|------|------|------
GET      GET /home (busca)                                                                       5      6      7      9     13     17     26     39    370    680    680   9752
GET      GET /home (conscious_buyer)                                                             4      5      6      7     10     14     20     25    200    550    550   9836
GET      GET /home (default, com selo)                                                           4      5      6      7     10     13     19     25    130    330    330   8480
GET      GET /home (default, sem selo)                                                           4      5      6      7     10     13     19     24    140    250    270  17060
GET      GET /home (electronics_expert)                                                          4      6      7      7     10     14     20     26    170    510    640  10028
GET      GET /products/{id}                                                                      7      8      9     10     14     18     25     33    280    530    530  11690
POST     POST /checkout/simulate                                                                15     18     20     22     27     34     44     61    390    580    580   7759
GET      [setup] home                                                                          580    580    580    590    590    590    590    590    590    590    590     10
--------|--------------------------------------------------------------------------------|--------|------|------|------|------|------|------|------|------|------|------|------
         Aggregated                                                                              5      7      9     11     15     20     28     37    250    580    680  74615

