[2026-10-04 11:22:14,016] Suporte/INFO/locust.main: Starting Locust 2.46.5
[2026-10-04 11:22:14,018] Suporte/INFO/locust.main: Run time limit set to 625 seconds
[2026-10-04 11:22:14,020] Suporte/INFO/locust.runners: Ramping to 250 users at a rate of 10.00 per second
[2026-10-04 11:22:38,130] Suporte/INFO/locust.runners: All users spawned: {"JornadaUser": 250} (250 total users)
[2026-10-04 11:22:38,130] Suporte/INFO/locust.runners: Resetting stats

[2026-10-04 11:32:39,020] Suporte/INFO/locust.main: --run-time limit reached, shutting down
[2026-10-04 11:32:39,433] Suporte/INFO/locust.main: Shutting down (exit code 0)
Type     Name                                                                          # reqs      # fails |    Avg     Min     Max    Med |   req/s  failures/s
--------|----------------------------------------------------------------------------|-------|-------------|-------|-------|-------|-------|--------|-----------
GET      GET /home (busca)                                                               9883     0(0.00%) |      5       1     408      4 |   16.44        0.00
GET      GET /home (conscious_buyer)                                                     9891     0(0.00%) |      5       1     243      4 |   16.45        0.00
GET      GET /home (default, com selo)                                                   8369     0(0.00%) |      5       1     223      4 |   13.92        0.00
GET      GET /home (default, sem selo)                                                  17029     0(0.00%) |      5       1     223      4 |   28.32        0.00
GET      GET /home (electronics_expert)                                                  9894     0(0.00%) |      5       2     208      4 |   16.45        0.00
GET      GET /products/{id}                                                             11866     0(0.00%) |      8       3     284      6 |   19.73        0.00
POST     POST /checkout/simulate                                                         7827     0(0.00%) |     17       8     303     15 |   13.02        0.00
GET      [setup] home                                                                      10     0(0.00%) |     22      20      30     21 |    0.02        0.00
--------|----------------------------------------------------------------------------|-------|-------------|-------|-------|-------|-------|--------|-----------
         Aggregated                                                                     74769     0(0.00%) |      7       1     408      5 |  124.35        0.00

Response time percentiles (approximated)
Type     Name                                                                                  50%    66%    75%    80%    90%    95%    98%    99%  99.9% 99.99%   100% # reqs
--------|--------------------------------------------------------------------------------|--------|------|------|------|------|------|------|------|------|------|------|------
GET      GET /home (busca)                                                                       4      5      6      7     10     13     18     23     62    410    410   9883
GET      GET /home (conscious_buyer)                                                             4      5      6      7     10     13     18     22     70    240    240   9891
GET      GET /home (default, com selo)                                                           4      5      6      7     10     13     19     23     76    220    220   8369
GET      GET /home (default, sem selo)                                                           4      5      6      7     10     13     18     23     72    220    220  17029
GET      GET /home (electronics_expert)                                                          4      5      6      7     10     13     18     22     74    210    210   9894
GET      GET /products/{id}                                                                      6      8      9     10     14     19     25     31    160    270    280  11866
POST     POST /checkout/simulate                                                                15     17     19     21     26     31     39     50    140    300    300   7827
GET      [setup] home                                                                           21     21     22     29     31     31     31     31     31     31     31     10
--------|--------------------------------------------------------------------------------|--------|------|------|------|------|------|------|------|------|------|------|------
         Aggregated                                                                              5      7      8     10     14     19     25     31     92    220    410  74769

