[2026-10-04 10:08:18,795] Suporte/INFO/locust.main: Starting Locust 2.46.5
[2026-10-04 10:08:18,797] Suporte/INFO/locust.main: Run time limit set to 310 seconds
[2026-10-04 10:08:18,799] Suporte/INFO/locust.runners: Ramping to 50 users at a rate of 5.00 per second
[2026-10-04 10:08:27,868] Suporte/INFO/locust.runners: All users spawned: {"JornadaUser": 50} (50 total users)
[2026-10-04 10:08:27,869] Suporte/INFO/locust.runners: Resetting stats

[2026-10-04 10:13:28,798] Suporte/INFO/locust.main: --run-time limit reached, shutting down
[2026-10-04 10:13:29,173] Suporte/INFO/locust.main: Shutting down (exit code 0)
Type     Name                                                                          # reqs      # fails |    Avg     Min     Max    Med |   req/s  failures/s
--------|----------------------------------------------------------------------------|-------|-------------|-------|-------|-------|-------|--------|-----------
GET      GET /home (busca)                                                                985     0(0.00%) |      6       2      55      6 |    3.27        0.00
GET      GET /home (conscious_buyer)                                                      986     0(0.00%) |      6       2      59      6 |    3.28        0.00
GET      GET /home (default, com selo)                                                    904     0(0.00%) |      6       2      27      6 |    3.00        0.00
GET      GET /home (default, sem selo)                                                   1624     0(0.00%) |      6       2      59      5 |    5.40        0.00
GET      GET /home (electronics_expert)                                                   977     0(0.00%) |      6       2      21      6 |    3.25        0.00
GET      GET /products/{id}                                                              1164     0(0.00%) |     10       3      67      9 |    3.87        0.00
POST     POST /checkout/simulate                                                          854     0(0.00%) |     22       9      69     21 |    2.84        0.00
GET      [setup] home                                                                       5     0(0.00%) |     18      17      20     17 |    0.02        0.00
--------|----------------------------------------------------------------------------|-------|-------------|-------|-------|-------|-------|--------|-----------
         Aggregated                                                                      7499     0(0.00%) |      8       2      69      7 |   24.92        0.00

Response time percentiles (approximated)
Type     Name                                                                                  50%    66%    75%    80%    90%    95%    98%    99%  99.9% 99.99%   100% # reqs
--------|--------------------------------------------------------------------------------|--------|------|------|------|------|------|------|------|------|------|------|------
GET      GET /home (busca)                                                                       6      7      9     10     11     12     14     19     56     56     56    985
GET      GET /home (conscious_buyer)                                                             6      7      9      9     12     13     15     17     60     60     60    986
GET      GET /home (default, com selo)                                                           6      7      9     10     12     13     16     17     27     27     27    904
GET      GET /home (default, sem selo)                                                           5      7      8      9     11     12     15     16     21     60     60   1624
GET      GET /home (electronics_expert)                                                          6      7      8      9     11     13     14     16     22     22     22    977
GET      GET /products/{id}                                                                      9     11     13     14     18     20     22     23     57     68     68   1164
POST     POST /checkout/simulate                                                                21     26     29     30     35     39     43     46     69     69     69    854
GET      [setup] home                                                                           17     20     20     21     21     21     21     21     21     21     21      5
--------|--------------------------------------------------------------------------------|--------|------|------|------|------|------|------|------|------|------|------|------
         Aggregated                                                                              7      9     11     12     17     23     31     37     53     69     69   7499

