[2026-10-04 10:29:25,528] Suporte/INFO/locust.main: Starting Locust 2.46.5
[2026-10-04 10:29:25,531] Suporte/INFO/locust.main: Run time limit set to 940 seconds
[2026-10-04 10:29:25,532] Suporte/INFO/locust.runners: Ramping to 1000 users at a rate of 25.00 per second
[2026-10-04 10:30:04,622] Suporte/INFO/locust.runners: All users spawned: {"JornadaUser": 1000} (1000 total users)
[2026-10-04 10:30:04,623] Suporte/INFO/locust.runners: Resetting stats

[2026-10-04 10:45:05,535] Suporte/INFO/locust.main: --run-time limit reached, shutting down
[2026-10-04 10:45:06,466] Suporte/INFO/locust.main: Shutting down (exit code 1)
Type     Name                                                                          # reqs      # fails |    Avg     Min     Max    Med |   req/s  failures/s
--------|----------------------------------------------------------------------------|-------|-------------|-------|-------|-------|-------|--------|-----------
GET      GET /home (busca)                                                              50863    36(0.07%) |    174      27   19036     75 |   56.41        0.04
GET      GET /home (conscious_buyer)                                                    51111    27(0.05%) |    105      28   21745     73 |   56.68        0.03
GET      GET /home (default, com selo)                                                  45239    33(0.07%) |     82      24     912     72 |   50.17        0.04
GET      GET /home (default, sem selo)                                                  87070    42(0.05%) |     83      25     884     73 |   96.56        0.05
GET      GET /home (electronics_expert)                                                 50846    25(0.05%) |    101      27   26842     73 |   56.39        0.03
GET      GET /products/{id}                                                             61042     0(0.00%) |    925      39   25000    430 |   67.69        0.00
POST     POST /checkout/simulate                                                        40736     0(0.00%) |    974      70   21910    490 |   45.17        0.00
GET      [setup] home                                                                     109     0(0.00%) |   7049     222   22153   6200 |    0.12        0.00
--------|----------------------------------------------------------------------------|-------|-------------|-------|-------|-------|-------|--------|-----------
         Aggregated                                                                    387016   163(0.04%) |    329      24   26842     82 |  429.19        0.18

Response time percentiles (approximated)
Type     Name                                                                                  50%    66%    75%    80%    90%    95%    98%    99%  99.9% 99.99%   100% # reqs
--------|--------------------------------------------------------------------------------|--------|------|------|------|------|------|------|------|------|------|------|------
GET      GET /home (busca)                                                                      75     86     96    110    150    210   1700   3000   9400  16000  19000  50863
GET      GET /home (conscious_buyer)                                                            73     83     91     98    130    170    230    320   6700  13000  22000  51111
GET      GET /home (default, com selo)                                                          72     82     90     96    120    160    200    250    640    870    910  45239
GET      GET /home (default, sem selo)                                                          73     82     90     96    120    160    200    250    620    810    880  87070
GET      GET /home (electronics_expert)                                                         73     83     91     97    120    160    220    290   5700  12000  27000  50846
GET      GET /products/{id}                                                                    440    900   1200   1500   2400   3300   5000   6200  12000  19000  25000  61042
POST     POST /checkout/simulate                                                               490    940   1300   1600   2500   3400   5100   6400  12000  17000  22000  40736
GET      [setup] home                                                                         6200   8500   9000   9800  12000  14000  20000  20000  22000  22000  22000    109
--------|--------------------------------------------------------------------------------|--------|------|------|------|------|------|------|------|------|------|------|------
         Aggregated                                                                             82    100    130    160    860   1700   2900   4100   9500  16000  27000 387016

Error report
# occurrences      Error                                                                                               
------------------|---------------------------------------------------------------------------------------------------------------------------------------------
33                 GET GET /home (default, com selo): HTTPError('500 Server Error: Internal Server Error for url: GET /home (default, com selo)')
42                 GET GET /home (default, sem selo): HTTPError('500 Server Error: Internal Server Error for url: GET /home (default, sem selo)')
25                 GET GET /home (electronics_expert): HTTPError('500 Server Error: Internal Server Error for url: GET /home (electronics_expert)')
36                 GET GET /home (busca): HTTPError('500 Server Error: Internal Server Error for url: GET /home (busca)')
27                 GET GET /home (conscious_buyer): HTTPError('500 Server Error: Internal Server Error for url: GET /home (conscious_buyer)')
------------------|---------------------------------------------------------------------------------------------------------------------------------------------

