[2026-10-04 09:57:43,083] Suporte/INFO/locust.main: Starting Locust 2.46.5
[2026-10-04 09:57:43,089] Suporte/INFO/locust.main: Run time limit set to 310 seconds
[2026-10-04 09:57:43,090] Suporte/INFO/locust.runners: Ramping to 50 users at a rate of 5.00 per second
[2026-10-04 09:57:52,164] Suporte/INFO/locust.runners: All users spawned: {"JornadaUser": 50} (50 total users)
[2026-10-04 09:57:52,164] Suporte/INFO/locust.runners: Resetting stats

[2026-10-04 10:02:53,092] Suporte/INFO/locust.main: --run-time limit reached, shutting down
[2026-10-04 10:02:53,456] Suporte/INFO/locust.main: Shutting down (exit code 0)
Type     Name                                                                          # reqs      # fails |    Avg     Min     Max    Med |   req/s  failures/s
--------|----------------------------------------------------------------------------|-------|-------------|-------|-------|-------|-------|--------|-----------
GET      GET /home (busca)                                                                990     0(0.00%) |     14       7      48     12 |    3.29        0.00
GET      GET /home (conscious_buyer)                                                      957     0(0.00%) |     16       8      51     14 |    3.18        0.00
GET      GET /home (default, com selo)                                                    943     0(0.00%) |     14       7      51     13 |    3.13        0.00
GET      GET /home (default, sem selo)                                                   1630     0(0.00%) |     14       7      70     12 |    5.42        0.00
GET      GET /home (electronics_expert)                                                   977     0(0.00%) |     15       8      44     13 |    3.25        0.00
GET      GET /products/{id}                                                              1187     0(0.00%) |      8       3      31      7 |    3.94        0.00
POST     POST /checkout/simulate                                                          752     0(0.00%) |     19       9      55     17 |    2.50        0.00
GET      [setup] home                                                                       5     0(0.00%) |     23      18      26     25 |    0.02        0.00
--------|----------------------------------------------------------------------------|-------|-------------|-------|-------|-------|-------|--------|-----------
         Aggregated                                                                      7441     0(0.00%) |     14       3      70     13 |   24.73        0.00

Response time percentiles (approximated)
Type     Name                                                                                  50%    66%    75%    80%    90%    95%    98%    99%  99.9% 99.99%   100% # reqs
--------|--------------------------------------------------------------------------------|--------|------|------|------|------|------|------|------|------|------|------|------
GET      GET /home (busca)                                                                      13     15     17     19     24     28     33     38     48     48     48    990
GET      GET /home (conscious_buyer)                                                            14     16     19     21     26     32     36     38     51     51     51    957
GET      GET /home (default, com selo)                                                          13     15     17     19     25     30     34     36     51     51     51    943
GET      GET /home (default, sem selo)                                                          12     15     17     19     25     29     33     35     43     70     70   1630
GET      GET /home (electronics_expert)                                                         13     15     18     20     25     30     36     38     44     44     44    977
GET      GET /products/{id}                                                                      7      9     10     11     15     18     21     23     31     32     32   1187
POST     POST /checkout/simulate                                                                17     20     23     25     31     36     41     42     56     56     56    752
GET      [setup] home                                                                           25     26     26     27     27     27     27     27     27     27     27      5
--------|--------------------------------------------------------------------------------|--------|------|------|------|------|------|------|------|------|------|------|------
         Aggregated                                                                             13     15     17     19     25     30     35     38     48     70     70   7441

